<?xml version="1.0" encoding="utf-8"?><testsuites name="pytest tests"><testsuite name="pytest" errors="0" failures="0" skipped="0" tests="347" time="6.606" timestamp="2025-12-08T10:30:40.483510+01:00" hostname="QBY000058"><testcase classname="tests.complex.test_numerical_integration" name="test_singlequbit_gate[id-0.2-0.5-0.2-gaussian-2-7]" time="0.011" /><testcase classname="tests.complex.test_numerical_integration" name="test_singlequbit_gate[id-110-120-10-square-5-0]" time="0.010" /><testcase classname="tests.complex.test_numerical_integration" name="test_singlequbit_gate[id-0.01-0.01-0.2-gaussian-0-7]" time="0.007" /><testcase classname="tests.complex.test_numerical_integration" name="test_singlequbit_gate[id-1000-10000-10-square-5-7]" time="0.007" /><testcase classname="tests.complex.test_numerical_integration" name="test_singlequbit_gate[x-0.2-0.5-0.2-gaussian-2-7]" time="0.013" /><testcase classname="tests.complex.test_numerical_integration" name="test_singlequbit_gate[x-110-120-10-square-5-0]" time="0.011" /><testcase classname="tests.complex.test_numerical_integration" name="test_singlequbit_gate[x-0.01-0.01-0.2-gaussian-0-7]" time="0.022" /><testcase classname="tests.complex.test_numerical_integration" name="test_singlequbit_gate[x-1000-10000-10-square-5-7]" time="0.011" /><testcase classname="tests.complex.test_numerical_integration" name="test_singlequbit_gate[y-0.2-0.5-0.2-gaussian-2-7]" time="0.012" /><testcase classname="tests.complex.test_numerical_integration" name="test_singlequbit_gate[y-110-120-10-square-5-0]" time="0.010" /><testcase classname="tests.complex.test_numerical_integration" name="test_singlequbit_gate[y-0.01-0.01-0.2-gaussian-0-7]" time="0.022" /><testcase classname="tests.complex.test_numerical_integration" name="test_singlequbit_gate[y-1000-10000-10-square-5-7]" time="0.011" /><testcase classname="tests.complex.test_numerical_integration" name="test_singlequbit_gate[z-0.2-0.5-0.2-gaussian-2-7]" time="0.012" /><testcase classname="tests.complex.test_numerical_integration" name="test_singlequbit_gate[z-110-120-10-square-5-0]" time="0.011" /><testcase classname="tests.complex.test_numerical_integration" name="test_singlequbit_gate[z-0.01-0.01-0.2-gaussian-0-7]" time="0.022" /><testcase classname="tests.complex.test_numerical_integration" name="test_singlequbit_gate[z-1000-10000-10-square-5-7]" time="0.010" /><testcase classname="tests.complex.test_numerical_integration" name="test_singlequbit_gate[h-0.2-0.5-0.2-gaussian-2-7]" time="0.013" /><testcase classname="tests.complex.test_numerical_integration" name="test_singlequbit_gate[h-110-120-10-square-5-0]" time="0.014" /><testcase classname="tests.complex.test_numerical_integration" name="test_singlequbit_gate[h-0.01-0.01-0.2-gaussian-0-7]" time="0.030" /><testcase classname="tests.complex.test_numerical_integration" name="test_singlequbit_gate[h-1000-10000-10-square-5-7]" time="0.015" /><testcase classname="tests.complex.test_numerical_integration" name="test_singlequbit_gate[s-0.2-0.5-0.2-gaussian-2-7]" time="0.011" /><testcase classname="tests.complex.test_numerical_integration" name="test_singlequbit_gate[s-110-120-10-square-5-0]" time="0.010" /><testcase classname="tests.complex.test_numerical_integration" name="test_singlequbit_gate[s-0.01-0.01-0.2-gaussian-0-7]" time="0.016" /><testcase classname="tests.complex.test_numerical_integration" name="test_singlequbit_gate[s-1000-10000-10-square-5-7]" time="0.012" /><testcase classname="tests.complex.test_numerical_integration" name="test_singlequbit_gate[sdg-0.2-0.5-0.2-gaussian-2-7]" time="0.011" /><testcase classname="tests.complex.test_numerical_integration" name="test_singlequbit_gate[sdg-110-120-10-square-5-0]" time="0.010" /><testcase classname="tests.complex.test_numerical_integration" name="test_singlequbit_gate[sdg-0.01-0.01-0.2-gaussian-0-7]" time="0.016" /><testcase classname="tests.complex.test_numerical_integration" name="test_singlequbit_gate[sdg-1000-10000-10-square-5-7]" time="0.011" /><testcase classname="tests.complex.test_numerical_integration" name="test_singlequbit_gate[t-0.2-0.5-0.2-gaussian-2-7]" time="0.010" /><testcase classname="tests.complex.test_numerical_integration" name="test_singlequbit_gate[t-110-120-10-square-5-0]" time="0.010" /><testcase classname="tests.complex.test_numerical_integration" name="test_singlequbit_gate[t-0.01-0.01-0.2-gaussian-0-7]" time="0.013" /><testcase classname="tests.complex.test_numerical_integration" name="test_singlequbit_gate[t-1000-10000-10-square-5-7]" time="0.010" /><testcase classname="tests.complex.test_numerical_integration" name="test_singlequbit_gate[tdg-0.2-0.5-0.2-gaussian-2-7]" time="0.009" /><testcase classname="tests.complex.test_numerical_integration" name="test_singlequbit_gate[tdg-110-120-10-square-5-0]" time="0.011" /><testcase classname="tests.complex.test_numerical_integration" name="test_singlequbit_gate[tdg-0.01-0.01-0.2-gaussian-0-7]" time="0.013" /><testcase classname="tests.complex.test_numerical_integration" name="test_singlequbit_gate[tdg-1000-10000-10-square-5-7]" time="0.010" /><testcase classname="tests.complex.test_numerical_integration" name="test_singlequbit_gate[sx-0.2-0.5-0.2-gaussian-2-7]" time="0.010" /><testcase classname="tests.complex.test_numerical_integration" name="test_singlequbit_gate[sx-110-120-10-square-5-0]" time="0.011" /><testcase classname="tests.complex.test_numerical_integration" name="test_singlequbit_gate[sx-0.01-0.01-0.2-gaussian-0-7]" time="0.016" /><testcase classname="tests.complex.test_numerical_integration" name="test_singlequbit_gate[sx-1000-10000-10-square-5-7]" time="0.010" /><testcase classname="tests.complex.test_numerical_integration" name="test_singlequbit_gate[sxdg-0.2-0.5-0.2-gaussian-2-7]" time="0.011" /><testcase classname="tests.complex.test_numerical_integration" name="test_singlequbit_gate[sxdg-110-120-10-square-5-0]" time="0.012" /><testcase classname="tests.complex.test_numerical_integration" name="test_singlequbit_gate[sxdg-0.01-0.01-0.2-gaussian-0-7]" time="0.016" /><testcase classname="tests.complex.test_numerical_integration" name="test_singlequbit_gate[sxdg-1000-10000-10-square-5-7]" time="0.010" /><testcase classname="tests.complex.test_numerical_integration" name="test_twoqubit_gate[id-0.2-0.5-0.2-gaussian-2-7]" time="0.007" /><testcase classname="tests.complex.test_numerical_integration" name="test_twoqubit_gate[id-0.2-0.5-10-square-5-0]" time="0.006" /><testcase classname="tests.complex.test_numerical_integration" name="test_twoqubit_gate[id-0.2-0.5-1000-square-5-0]" time="0.007" /><testcase classname="tests.complex.test_numerical_integration" name="test_twoqubit_gate[id-0.2-0.5-0.01-square-5-0]" time="0.006" /><testcase classname="tests.complex.test_numerical_integration" name="test_twoqubit_gate[x-0.2-0.5-0.2-gaussian-2-7]" time="0.010" /><testcase classname="tests.complex.test_numerical_integration" name="test_twoqubit_gate[x-0.2-0.5-10-square-5-0]" time="0.010" /><testcase classname="tests.complex.test_numerical_integration" name="test_twoqubit_gate[x-0.2-0.5-1000-square-5-0]" time="0.011" /><testcase classname="tests.complex.test_numerical_integration" name="test_twoqubit_gate[x-0.2-0.5-0.01-square-5-0]" time="0.011" /><testcase classname="tests.complex.test_numerical_integration" name="test_twoqubit_gate[y-0.2-0.5-0.2-gaussian-2-7]" time="0.010" /><testcase classname="tests.complex.test_numerical_integration" name="test_twoqubit_gate[y-0.2-0.5-10-square-5-0]" time="0.011" /><testcase classname="tests.complex.test_numerical_integration" name="test_twoqubit_gate[y-0.2-0.5-1000-square-5-0]" time="0.011" /><testcase classname="tests.complex.test_numerical_integration" name="test_twoqubit_gate[y-0.2-0.5-0.01-square-5-0]" time="0.010" /><testcase classname="tests.complex.test_numerical_integration" name="test_twoqubit_gate[z-0.2-0.5-0.2-gaussian-2-7]" time="0.010" /><testcase classname="tests.complex.test_numerical_integration" name="test_twoqubit_gate[z-0.2-0.5-10-square-5-0]" time="0.010" /><testcase classname="tests.complex.test_numerical_integration" name="test_twoqubit_gate[z-0.2-0.5-1000-square-5-0]" time="0.011" /><testcase classname="tests.complex.test_numerical_integration" name="test_twoqubit_gate[z-0.2-0.5-0.01-square-5-0]" time="0.012" /><testcase classname="tests.complex.test_numerical_integration" name="test_twoqubit_gate[h-0.2-0.5-0.2-gaussian-2-7]" time="0.015" /><testcase classname="tests.complex.test_numerical_integration" name="test_twoqubit_gate[h-0.2-0.5-10-square-5-0]" time="0.014" /><testcase classname="tests.complex.test_numerical_integration" name="test_twoqubit_gate[h-0.2-0.5-1000-square-5-0]" time="0.014" /><testcase classname="tests.complex.test_numerical_integration" name="test_twoqubit_gate[h-0.2-0.5-0.01-square-5-0]" time="0.015" /><testcase classname="tests.complex.test_numerical_integration" name="test_twoqubit_gate[s-0.2-0.5-0.2-gaussian-2-7]" time="0.010" /><testcase classname="tests.complex.test_numerical_integration" name="test_twoqubit_gate[s-0.2-0.5-10-square-5-0]" time="0.011" /><testcase classname="tests.complex.test_numerical_integration" name="test_twoqubit_gate[s-0.2-0.5-1000-square-5-0]" time="0.013" /><testcase classname="tests.complex.test_numerical_integration" name="test_twoqubit_gate[s-0.2-0.5-0.01-square-5-0]" time="0.011" /><testcase classname="tests.complex.test_numerical_integration" name="test_twoqubit_gate[sdg-0.2-0.5-0.2-gaussian-2-7]" time="0.011" /><testcase classname="tests.complex.test_numerical_integration" name="test_twoqubit_gate[sdg-0.2-0.5-10-square-5-0]" time="0.011" /><testcase classname="tests.complex.test_numerical_integration" name="test_twoqubit_gate[sdg-0.2-0.5-1000-square-5-0]" time="0.010" /><testcase classname="tests.complex.test_numerical_integration" name="test_twoqubit_gate[sdg-0.2-0.5-0.01-square-5-0]" time="0.011" /><testcase classname="tests.complex.test_numerical_integration" name="test_twoqubit_gate[t-0.2-0.5-0.2-gaussian-2-7]" time="0.010" /><testcase classname="tests.complex.test_numerical_integration" name="test_twoqubit_gate[t-0.2-0.5-10-square-5-0]" time="0.010" /><testcase classname="tests.complex.test_numerical_integration" name="test_twoqubit_gate[t-0.2-0.5-1000-square-5-0]" time="0.010" /><testcase classname="tests.complex.test_numerical_integration" name="test_twoqubit_gate[t-0.2-0.5-0.01-square-5-0]" time="0.011" /><testcase classname="tests.complex.test_numerical_integration" name="test_twoqubit_gate[tdg-0.2-0.5-0.2-gaussian-2-7]" time="0.010" /><testcase classname="tests.complex.test_numerical_integration" name="test_twoqubit_gate[tdg-0.2-0.5-10-square-5-0]" time="0.011" /><testcase classname="tests.complex.test_numerical_integration" name="test_twoqubit_gate[tdg-0.2-0.5-1000-square-5-0]" time="0.011" /><testcase classname="tests.complex.test_numerical_integration" name="test_twoqubit_gate[tdg-0.2-0.5-0.01-square-5-0]" time="0.010" /><testcase classname="tests.complex.test_numerical_integration" name="test_twoqubit_gate[sx-0.2-0.5-0.2-gaussian-2-7]" time="0.010" /><testcase classname="tests.complex.test_numerical_integration" name="test_twoqubit_gate[sx-0.2-0.5-10-square-5-0]" time="0.010" /><testcase classname="tests.complex.test_numerical_integration" name="test_twoqubit_gate[sx-0.2-0.5-1000-square-5-0]" time="0.012" /><testcase classname="tests.complex.test_numerical_integration" name="test_twoqubit_gate[sx-0.2-0.5-0.01-square-5-0]" time="0.013" /><testcase classname="tests.complex.test_numerical_integration" name="test_twoqubit_gate[sxdg-0.2-0.5-0.2-gaussian-2-7]" time="0.012" /><testcase classname="tests.complex.test_numerical_integration" name="test_twoqubit_gate[sxdg-0.2-0.5-10-square-5-0]" time="0.010" /><testcase classname="tests.complex.test_numerical_integration" name="test_twoqubit_gate[sxdg-0.2-0.5-1000-square-5-0]" time="0.012" /><testcase classname="tests.complex.test_numerical_integration" name="test_twoqubit_gate[sxdg-0.2-0.5-0.01-square-5-0]" time="0.011" /><testcase classname="tests.complex.test_numerical_integration" name="test_random_circuit[1-2]" time="0.007" /><testcase classname="tests.complex.test_numerical_integration" name="test_random_circuit[1-10]" time="0.009" /><testcase classname="tests.complex.test_numerical_integration" name="test_random_circuit[5-2]" time="0.021" /><testcase classname="tests.complex.test_transpilation" name="test_isolated_gates[id-1-gaussian]" time="0.014" /><testcase classname="tests.complex.test_transpilation" name="test_isolated_gates[id-1-square]" time="0.011" /><testcase classname="tests.complex.test_transpilation" name="test_isolated_gates[x-1-gaussian]" time="0.006" /><testcase classname="tests.complex.test_transpilation" name="test_isolated_gates[x-1-square]" time="0.006" /><testcase classname="tests.complex.test_transpilation" name="test_isolated_gates[y-1-gaussian]" time="0.007" /><testcase classname="tests.complex.test_transpilation" name="test_isolated_gates[y-1-square]" time="0.006" /><testcase classname="tests.complex.test_transpilation" name="test_isolated_gates[z-1-gaussian]" time="0.009" /><testcase classname="tests.complex.test_transpilation" name="test_isolated_gates[z-1-square]" time="0.006" /><testcase classname="tests.complex.test_transpilation" name="test_isolated_gates[h-1-gaussian]" time="0.007" /><testcase classname="tests.complex.test_transpilation" name="test_isolated_gates[h-1-square]" time="0.006" /><testcase classname="tests.complex.test_transpilation" name="test_isolated_gates[s-1-gaussian]" time="0.006" /><testcase classname="tests.complex.test_transpilation" name="test_isolated_gates[s-1-square]" time="0.007" /><testcase classname="tests.complex.test_transpilation" name="test_isolated_gates[sdg-1-gaussian]" time="0.006" /><testcase classname="tests.complex.test_transpilation" name="test_isolated_gates[sdg-1-square]" time="0.007" /><testcase classname="tests.complex.test_transpilation" name="test_isolated_gates[t-1-gaussian]" time="0.006" /><testcase classname="tests.complex.test_transpilation" name="test_isolated_gates[t-1-square]" time="0.006" /><testcase classname="tests.complex.test_transpilation" name="test_isolated_gates[tdg-1-gaussian]" time="0.006" /><testcase classname="tests.complex.test_transpilation" name="test_isolated_gates[tdg-1-square]" time="0.006" /><testcase classname="tests.complex.test_transpilation" name="test_isolated_gates[sx-1-gaussian]" time="0.007" /><testcase classname="tests.complex.test_transpilation" name="test_isolated_gates[sx-1-square]" time="0.006" /><testcase classname="tests.complex.test_transpilation" name="test_isolated_gates[sxdg-1-gaussian]" time="0.007" /><testcase classname="tests.complex.test_transpilation" name="test_isolated_gates[sxdg-1-square]" time="0.006" /><testcase classname="tests.complex.test_transpilation" name="test_isolated_gates[cx-2-gaussian]" time="0.007" /><testcase classname="tests.complex.test_transpilation" name="test_isolated_gates[cx-2-square]" time="0.008" /><testcase classname="tests.complex.test_transpilation" name="test_isolated_gates[cy-2-gaussian]" time="0.007" /><testcase classname="tests.complex.test_transpilation" name="test_isolated_gates[cy-2-square]" time="0.008" /><testcase classname="tests.complex.test_transpilation" name="test_isolated_gates[cz-2-gaussian]" time="0.007" /><testcase classname="tests.complex.test_transpilation" name="test_isolated_gates[cz-2-square]" time="0.008" /><testcase classname="tests.complex.test_transpilation" name="test_isolated_gates[ch-2-gaussian]" time="0.007" /><testcase classname="tests.complex.test_transpilation" name="test_isolated_gates[ch-2-square]" time="0.008" /><testcase classname="tests.complex.test_transpilation" name="test_isolated_gates[cs-2-gaussian]" time="0.007" /><testcase classname="tests.complex.test_transpilation" name="test_isolated_gates[cs-2-square]" time="0.008" /><testcase classname="tests.complex.test_transpilation" name="test_isolated_gates[csdg-2-gaussian]" time="0.008" /><testcase classname="tests.complex.test_transpilation" name="test_isolated_gates[csdg-2-square]" time="0.008" /><testcase classname="tests.complex.test_transpilation" name="test_isolated_gates[swap-2-gaussian]" time="0.008" /><testcase classname="tests.complex.test_transpilation" name="test_isolated_gates[swap-2-square]" time="0.009" /><testcase classname="tests.complex.test_transpilation" name="test_isolated_gates[ecr-2-gaussian]" time="0.007" /><testcase classname="tests.complex.test_transpilation" name="test_isolated_gates[ecr-2-square]" time="0.008" /><testcase classname="tests.complex.test_transpilation" name="test_isolated_gates[dcx-2-gaussian]" time="0.008" /><testcase classname="tests.complex.test_transpilation" name="test_isolated_gates[dcx-2-square]" time="0.010" /><testcase classname="tests.complex.test_transpilation" name="test_rotation_insolated_gates[rx-1-gaussian-3.141592653589793]" time="0.006" /><testcase classname="tests.complex.test_transpilation" name="test_rotation_insolated_gates[rx-1-gaussian-1.5707963267948966]" time="0.007" /><testcase classname="tests.complex.test_transpilation" name="test_rotation_insolated_gates[rx-1-gaussian-0.39269908169872414]" time="0.006" /><testcase classname="tests.complex.test_transpilation" name="test_rotation_insolated_gates[rx-1-square-3.141592653589793]" time="0.007" /><testcase classname="tests.complex.test_transpilation" name="test_rotation_insolated_gates[rx-1-square-1.5707963267948966]" time="0.006" /><testcase classname="tests.complex.test_transpilation" name="test_rotation_insolated_gates[rx-1-square-0.39269908169872414]" time="0.006" /><testcase classname="tests.complex.test_transpilation" name="test_rotation_insolated_gates[ry-1-gaussian-3.141592653589793]" time="0.007" /><testcase classname="tests.complex.test_transpilation" name="test_rotation_insolated_gates[ry-1-gaussian-1.5707963267948966]" time="0.006" /><testcase classname="tests.complex.test_transpilation" name="test_rotation_insolated_gates[ry-1-gaussian-0.39269908169872414]" time="0.007" /><testcase classname="tests.complex.test_transpilation" name="test_rotation_insolated_gates[ry-1-square-3.141592653589793]" time="0.006" /><testcase classname="tests.complex.test_transpilation" name="test_rotation_insolated_gates[ry-1-square-1.5707963267948966]" time="0.006" /><testcase classname="tests.complex.test_transpilation" name="test_rotation_insolated_gates[ry-1-square-0.39269908169872414]" time="0.006" /><testcase classname="tests.complex.test_transpilation" name="test_rotation_insolated_gates[rz-1-gaussian-3.141592653589793]" time="0.006" /><testcase classname="tests.complex.test_transpilation" name="test_rotation_insolated_gates[rz-1-gaussian-1.5707963267948966]" time="0.007" /><testcase classname="tests.complex.test_transpilation" name="test_rotation_insolated_gates[rz-1-gaussian-0.39269908169872414]" time="0.006" /><testcase classname="tests.complex.test_transpilation" name="test_rotation_insolated_gates[rz-1-square-3.141592653589793]" time="0.006" /><testcase classname="tests.complex.test_transpilation" name="test_rotation_insolated_gates[rz-1-square-1.5707963267948966]" time="0.006" /><testcase classname="tests.complex.test_transpilation" name="test_rotation_insolated_gates[rz-1-square-0.39269908169872414]" time="0.006" /><testcase classname="tests.complex.test_transpilation" name="test_rotation_insolated_gates[crx-2-gaussian-3.141592653589793]" time="0.008" /><testcase classname="tests.complex.test_transpilation" name="test_rotation_insolated_gates[crx-2-gaussian-1.5707963267948966]" time="0.007" /><testcase classname="tests.complex.test_transpilation" name="test_rotation_insolated_gates[crx-2-gaussian-0.39269908169872414]" time="0.008" /><testcase classname="tests.complex.test_transpilation" name="test_rotation_insolated_gates[crx-2-square-3.141592653589793]" time="0.007" /><testcase classname="tests.complex.test_transpilation" name="test_rotation_insolated_gates[crx-2-square-1.5707963267948966]" time="0.008" /><testcase classname="tests.complex.test_transpilation" name="test_rotation_insolated_gates[crx-2-square-0.39269908169872414]" time="0.007" /><testcase classname="tests.complex.test_transpilation" name="test_rotation_insolated_gates[cry-2-gaussian-3.141592653589793]" time="0.007" /><testcase classname="tests.complex.test_transpilation" name="test_rotation_insolated_gates[cry-2-gaussian-1.5707963267948966]" time="0.007" /><testcase classname="tests.complex.test_transpilation" name="test_rotation_insolated_gates[cry-2-gaussian-0.39269908169872414]" time="0.007" /><testcase classname="tests.complex.test_transpilation" name="test_rotation_insolated_gates[cry-2-square-3.141592653589793]" time="0.007" /><testcase classname="tests.complex.test_transpilation" name="test_rotation_insolated_gates[cry-2-square-1.5707963267948966]" time="0.007" /><testcase classname="tests.complex.test_transpilation" name="test_rotation_insolated_gates[cry-2-square-0.39269908169872414]" time="0.008" /><testcase classname="tests.complex.test_transpilation" name="test_rotation_insolated_gates[crz-2-gaussian-3.141592653589793]" time="0.007" /><testcase classname="tests.complex.test_transpilation" name="test_rotation_insolated_gates[crz-2-gaussian-1.5707963267948966]" time="0.008" /><testcase classname="tests.complex.test_transpilation" name="test_rotation_insolated_gates[crz-2-gaussian-0.39269908169872414]" time="0.007" /><testcase classname="tests.complex.test_transpilation" name="test_rotation_insolated_gates[crz-2-square-3.141592653589793]" time="0.007" /><testcase classname="tests.complex.test_transpilation" name="test_rotation_insolated_gates[crz-2-square-1.5707963267948966]" time="0.007" /><testcase classname="tests.complex.test_transpilation" name="test_rotation_insolated_gates[crz-2-square-0.39269908169872414]" time="0.008" /><testcase classname="tests.complex.test_transpilation" name="test_rotation_insolated_gates[rxx-2-gaussian-3.141592653589793]" time="0.007" /><testcase classname="tests.complex.test_transpilation" name="test_rotation_insolated_gates[rxx-2-gaussian-1.5707963267948966]" time="0.008" /><testcase classname="tests.complex.test_transpilation" name="test_rotation_insolated_gates[rxx-2-gaussian-0.39269908169872414]" time="0.007" /><testcase classname="tests.complex.test_transpilation" name="test_rotation_insolated_gates[rxx-2-square-3.141592653589793]" time="0.008" /><testcase classname="tests.complex.test_transpilation" name="test_rotation_insolated_gates[rxx-2-square-1.5707963267948966]" time="0.007" /><testcase classname="tests.complex.test_transpilation" name="test_rotation_insolated_gates[rxx-2-square-0.39269908169872414]" time="0.008" /><testcase classname="tests.complex.test_transpilation" name="test_rotation_insolated_gates[ryy-2-gaussian-3.141592653589793]" time="0.007" /><testcase classname="tests.complex.test_transpilation" name="test_rotation_insolated_gates[ryy-2-gaussian-1.5707963267948966]" time="0.006" /><testcase classname="tests.complex.test_transpilation" name="test_rotation_insolated_gates[ryy-2-gaussian-0.39269908169872414]" time="0.007" /><testcase classname="tests.complex.test_transpilation" name="test_rotation_insolated_gates[ryy-2-square-3.141592653589793]" time="0.008" /><testcase classname="tests.complex.test_transpilation" name="test_rotation_insolated_gates[ryy-2-square-1.5707963267948966]" time="0.008" /><testcase classname="tests.complex.test_transpilation" name="test_rotation_insolated_gates[ryy-2-square-0.39269908169872414]" time="0.007" /><testcase classname="tests.complex.test_transpilation" name="test_rotation_insolated_gates[rzz-2-gaussian-3.141592653589793]" time="0.008" /><testcase classname="tests.complex.test_transpilation" name="test_rotation_insolated_gates[rzz-2-gaussian-1.5707963267948966]" time="0.007" /><testcase classname="tests.complex.test_transpilation" name="test_rotation_insolated_gates[rzz-2-gaussian-0.39269908169872414]" time="0.009" /><testcase classname="tests.complex.test_transpilation" name="test_rotation_insolated_gates[rzz-2-square-3.141592653589793]" time="0.007" /><testcase classname="tests.complex.test_transpilation" name="test_rotation_insolated_gates[rzz-2-square-1.5707963267948966]" time="0.008" /><testcase classname="tests.complex.test_transpilation" name="test_rotation_insolated_gates[rzz-2-square-0.39269908169872414]" time="0.007" /><testcase classname="tests.complex.test_transpilation" name="test_rotation_insolated_gates[rzx-2-gaussian-3.141592653589793]" time="0.008" /><testcase classname="tests.complex.test_transpilation" name="test_rotation_insolated_gates[rzx-2-gaussian-1.5707963267948966]" time="0.007" /><testcase classname="tests.complex.test_transpilation" name="test_rotation_insolated_gates[rzx-2-gaussian-0.39269908169872414]" time="0.009" /><testcase classname="tests.complex.test_transpilation" name="test_rotation_insolated_gates[rzx-2-square-3.141592653589793]" time="0.008" /><testcase classname="tests.complex.test_transpilation" name="test_rotation_insolated_gates[rzx-2-square-1.5707963267948966]" time="0.008" /><testcase classname="tests.complex.test_transpilation" name="test_rotation_insolated_gates[rzx-2-square-0.39269908169872414]" time="0.007" /><testcase classname="tests.complex.test_transpilation" name="test_random_circuit[1-2]" time="0.008" /><testcase classname="tests.complex.test_transpilation" name="test_random_circuit[1-10]" time="0.007" /><testcase classname="tests.complex.test_transpilation" name="test_random_circuit[5-2]" time="0.022" /><testcase classname="tests.test_average_channel" name="test_get_single_gate_circuit_rotation_gates[rx]" time="0.010" /><testcase classname="tests.test_average_channel" name="test_get_single_gate_circuit_rotation_gates[ry]" time="0.011" /><testcase classname="tests.test_average_channel" name="test_get_single_gate_circuit_rotation_gates[rz]" time="0.011" /><testcase classname="tests.test_average_channel" name="test_get_single_gate_circuit_delay_gate" time="0.007" /><testcase classname="tests.test_average_channel" name="test_get_single_gate_circuit_wrong_gate_raises" time="0.007" /><testcase classname="tests.test_average_channel" name="test_get_chan_returns_superop" time="0.011" /><testcase classname="tests.test_average_channel" name="test_single_gate_average_channel_with_n_exp" time="0.029" /><testcase classname="tests.test_average_channel" name="test_single_gate_average_channel_physical_convergence[rx]" time="0.031" /><testcase classname="tests.test_average_channel" name="test_single_gate_average_channel_physical_convergence[ry]" time="0.030" /><testcase classname="tests.test_average_channel" name="test_single_gate_average_channel_physical_convergence[rz]" time="0.031" /><testcase classname="tests.test_average_channel" name="test_single_gate_average_channel_with_automatic_n_exp" time="0.014" /><testcase classname="tests.test_average_channel" name="test_print_chi_elements_runs" time="0.002" /><testcase classname="tests.test_average_channel" name="test_plot_chi_matrix_with_threshold" time="0.273" /><testcase classname="tests.test_average_channel" name="test_plot_chi_matrix_without_threshold" time="0.095" /><testcase classname="tests.test_average_channel" name="test_pauli_dict_to_channel_two_qubits[pauli_dict0]" time="0.002" /><testcase classname="tests.test_average_channel" name="test_pauli_dict_to_channel_two_qubits[pauli_dict1]" time="0.001" /><testcase classname="tests.test_coherent_noise" name="test_coherent_noise_init[3-50-10]" time="0.001" /><testcase classname="tests.test_coherent_noise" name="test_coherent_noise_init[20-40-5]" time="0.001" /><testcase classname="tests.test_coherent_noise" name="test_coherent_noise_invalid_segment_duration" time="0.001" /><testcase classname="tests.test_coherent_noise" name="test_coherent_noise_seed[3-50-10]" time="0.001" /><testcase classname="tests.test_coherent_noise" name="test_coherent_noise_seed[20-40-5]" time="0.001" /><testcase classname="tests.test_coherent_noise" name="test_coherent_plot_ramsey_contrast[3-50-25]" time="0.010" /><testcase classname="tests.test_coherent_noise" name="test_coherent_plot_ramsey_contrast[20-40-20]" time="0.005" /><testcase classname="tests.test_experimental_environement" name="test_noise_generator_selection[2-pink-PinkNoiseTimeTrace-1024]" time="0.001" /><testcase classname="tests.test_experimental_environement" name="test_noise_generator_selection[3-white-WhiteNoiseTimeTrace-1]" time="0.001" /><testcase classname="tests.test_experimental_environement" name="test_noise_generator_selection[1-coherent-CoherentNoiseTimeTrace-16]" time="0.001" /><testcase classname="tests.test_experimental_environement" name="test_invalid_noise_type_raises" time="0.001" /><testcase classname="tests.test_experimental_environement" name="test_coupling_traces_created_when_TJ_is_set[2-50]" time="0.001" /><testcase classname="tests.test_experimental_environement" name="test_coupling_traces_created_when_TJ_is_set[11-30]" time="0.004" /><testcase classname="tests.test_experimental_environement" name="test_coupling_traces_created_when_TJ_is_set[6-2]" time="0.002" /><testcase classname="tests.test_experimental_environement" name="test_str_representation_contains_all_info[2-coherent-150-None-1024-512-False-None]" time="0.001" /><testcase classname="tests.test_experimental_environement" name="test_str_representation_contains_all_info[3-pink-200-None-2048-1024-True-0.5]" time="0.002" /><testcase classname="tests.test_experimental_environement" name="test_str_representation_contains_all_info[3-pink-200-20-2048-1024-True-0.5]" time="0.002" /><testcase classname="tests.test_experimental_environement" name="test_reassign_time_traces_updates_length" time="0.001" /><testcase classname="tests.test_hardware_specs" name="test_init_gaussian_shape_multiple_qubits[3-1.0-0.2-0.5-gaussian-2-7-full_drive]" time="0.007" /><testcase classname="tests.test_hardware_specs" name="test_init_gaussian_shape_multiple_qubits[5-0.1-10-0.2-square-5-7-None]" time="0.005" /><testcase classname="tests.test_hardware_specs" name="test_invalid_rotation_shape_raises" time="0.002" /><testcase classname="tests.test_hardware_specs" name="test_str_representation_for_gaussian" time="0.005" /><testcase classname="tests.test_hardware_specs" name="test_str_representation_for_square" time="0.004" /><testcase classname="tests.test_idle_instruction" name="test_init_sets_name_and_duration_and_qubits" time="0.001" /><testcase classname="tests.test_idle_instruction" name="test_adjust_duration_mutates_duration_in_place" time="0.001" /><testcase classname="tests.test_idle_instruction" name="test_plot_calls_matplotlib_with_expected_line_segments" time="0.008" /><testcase classname="tests.test_idle_instruction" name="test_plot_without_ax_uses_gca" time="0.003" /><testcase classname="tests.test_idle_instruction" name="test_to_hamiltonian_returns_zero_hamiltonian_and_zero_times" time="0.001" /><testcase classname="tests.test_idle_instruction" name="test_dd_mode_none_returns_self_only" time="0.001" /><testcase classname="tests.test_idle_instruction" name="test_dd_mode_spin_echo_enough_time_happy_path" time="0.001" /><testcase classname="tests.test_idle_instruction" name="test_dd_mode_spin_echo_not_enough_time_returns_self" time="0.001" /><testcase classname="tests.test_idle_instruction" name="test_dd_mode_full_drive_with_positive_loops" time="0.001" /><testcase classname="tests.test_idle_instruction" name="test_dd_mode_full_drive_zero_loops_returns_self" time="0.001" /><testcase classname="tests.test_idle_instruction" name="test_dd_mode_unknown_is_treated_like_none" time="0.001" /><testcase classname="tests.test_noise_time_trace" name="test_init_ramsey_contrast" time="0.005" /><testcase classname="tests.test_pink_noise" name="test_pink_noise_init[3-50-10]" time="0.001" /><testcase classname="tests.test_pink_noise" name="test_pink_noise_init[20-40-5]" time="0.001" /><testcase classname="tests.test_pink_noise" name="test_pink_noise_seed[3-50-10]" time="0.002" /><testcase classname="tests.test_pink_noise" name="test_pink_noise_seed[20-40-5]" time="0.002" /><testcase classname="tests.test_pink_noise" name="test_pink_plot_ramsey_contrast[3-50-25]" time="0.006" /><testcase classname="tests.test_pink_noise" name="test_pink_plot_ramsey_contrast[20-40-20]" time="0.009" /><testcase classname="tests.test_propagate" name="test_propagate_unitary_shape" time="0.001" /><testcase classname="tests.test_propagate" name="test_propagate_unitarity" time="0.001" /><testcase classname="tests.test_propagate" name="test_propagate_consistency" time="0.001" /><testcase classname="tests.test_pulse_circuit" name="test_init_and_basic_properties" time="0.003" /><testcase classname="tests.test_pulse_circuit" name="test_init_with_dynamical_decoupling_applies_to_layers" time="0.001" /><testcase classname="tests.test_pulse_circuit" name="test_from_circuit_builds_layers_and_calls_constructor" time="0.003" /><testcase classname="tests.test_pulse_circuit" name="test_from_circuit_strip_measurement" time="0.003" /><testcase classname="tests.test_pulse_circuit" name="test_empty_layer_graph" time="0.002" /><testcase classname="tests.test_pulse_circuit" name="test_str" time="0.001" /><testcase classname="tests.test_pulse_circuit" name="test_plot_without_hardware_specs" time="0.095" /><testcase classname="tests.test_pulse_circuit" name="test_plot_with_hardware_specs" time="0.098" /><testcase classname="tests.test_pulse_circuit" name="test_to_circuit_measure_and_no_measure" time="0.002" /><testcase classname="tests.test_pulse_circuit" name="test_circuit_samples" time="0.001" /><testcase classname="tests.test_pulse_circuit" name="test_get_logical_bitstring_transpiled_layout" time="0.002" /><testcase classname="tests.test_pulse_circuit" name="test_get_logical_bitstring_no_layout" time="0.001" /><testcase classname="tests.test_pulse_circuit" name="test_averaging_over_samples" time="0.002" /><testcase classname="tests.test_pulse_circuit" name="test_mean_fidelity_and_mean_channel_wrappers" time="0.004" /><testcase classname="tests.test_pulse_circuit" name="test_attach_time_traces_too_short" time="0.002" /><testcase classname="tests.test_pulse_circuit" name="test_attach_time_traces_normal" time="0.002" /><testcase classname="tests.test_pulse_layer" name="test_pulse_layer_init" time="0.001" /><testcase classname="tests.test_pulse_layer" name="test_pulse_layer_str" time="0.001" /><testcase classname="tests.test_pulse_layer" name="test_from_circuit_layer_runs[3-rx-1.5707963267948966-2]" time="0.014" /><testcase classname="tests.test_pulse_layer" name="test_from_circuit_layer_runs[5-ry-1.5707963267948966-3]" time="0.016" /><testcase classname="tests.test_pulse_layer" name="test_from_circuit_layer_runs[5-rz-1.5707963267948966-3]" time="0.017" /><testcase classname="tests.test_pulse_layer" name="test_from_circuit_layer_runs[5-rzz-1.5707963267948966-1]" time="0.011" /><testcase classname="tests.test_pulse_layer" name="test_plot_runs" time="0.023" /><testcase classname="tests.test_pulse_layer" name="test_to_circuit_builds_valid_qiskit_circuit" time="0.002" /><testcase classname="tests.test_pulse_layer" name="test_attach_dynamical_decoupling_runs" time="0.008" /><testcase classname="tests.test_pulse_sequence" name="test_init_and_basic_properties" time="0.001" /><testcase classname="tests.test_pulse_sequence" name="test_plot_with_and_without_time_trace" time="0.016" /><testcase classname="tests.test_pulse_sequence" name="test_to_hamiltonian_with_and_without_time_trace" time="0.002" /><testcase classname="tests.test_pulse_sequence" name="test_adjust_duration_adds_idle" time="0.001" /><testcase classname="tests.test_pulse_sequence" name="test_attach_time_trace_only_idle" time="0.001" /><testcase classname="tests.test_pulse_sequence" name="test_to_dynamical_decoupling_single_qubit" time="0.010" /><testcase classname="tests.test_pulse_sequence" name="test_to_dynamical_decoupling_assert_multiqubit" time="0.007" /><testcase classname="tests.test_pulse_sequence" name="test_append_and_insert" time="0.001" /><testcase classname="tests.test_pulse_sequence" name="test_insert_neg" time="0.001" /><testcase classname="tests.test_ramsey" name="test_get_ramsey_circuit_runs[3-1.0-0.2-0.5-gaussian-2-7-full_drive]" time="0.066" /><testcase classname="tests.test_ramsey" name="test_get_ramsey_circuit_runs[5-0.1-10-0.2-square-5-7-None]" time="0.024" /><testcase classname="tests.test_ramsey" name="test_contrast_runs_and_returns_float[3-1.0-0.2-0.5-gaussian-2-7-full_drive]" time="0.070" /><testcase classname="tests.test_ramsey" name="test_contrast_runs_and_returns_float[5-0.1-10-0.2-square-5-7-None]" time="0.034" /><testcase classname="tests.test_ramsey" name="test_average_ramsey_contrast_runs[3-1.0-0.2-0.5-gaussian-2-7-full_drive]" time="0.196" /><testcase classname="tests.test_ramsey" name="test_average_ramsey_contrast_runs[5-0.1-10-0.2-square-5-7-None]" time="0.138" /><testcase classname="tests.test_ramsey" name="test_contrast_zero_delay_close_to_one[3-1.0-0.2-0.5-gaussian-2-7-full_drive]" time="0.068" /><testcase classname="tests.test_ramsey" name="test_contrast_zero_delay_close_to_one[5-0.1-10-0.2-square-5-7-None]" time="0.035" /><testcase classname="tests.test_rotation_instructions" name="test_rotation_instruction_init_and_notimplemented_from_angle" time="0.001" /><testcase classname="tests.test_rotation_instructions" name="test_to_pulse_and_to_angle_without_distortion" time="0.001" /><testcase classname="tests.test_rotation_instructions" name="test_to_pulse_with_distort_factor" time="0.001" /><testcase classname="tests.test_rotation_instructions" name="test_to_hamiltonian_valid_paulis[x-0]" time="0.001" /><testcase classname="tests.test_rotation_instructions" name="test_to_hamiltonian_valid_paulis[y-0]" time="0.002" /><testcase classname="tests.test_rotation_instructions" name="test_to_hamiltonian_valid_paulis[z-0]" time="0.001" /><testcase classname="tests.test_rotation_instructions" name="test_to_hamiltonian_valid_paulis[Heisenberg-0]" time="0.001" /><testcase classname="tests.test_rotation_instructions" name="test_adjust_duration_rescales_amplitude" time="0.001" /><testcase classname="tests.test_rotation_instructions" name="test_plot_all_angle_cases[3.141592653589793-True-$\\pi$]" time="0.008" /><testcase classname="tests.test_rotation_instructions" name="test_plot_all_angle_cases[-3.141592653589793-True-$-\\pi$]" time="0.011" /><testcase classname="tests.test_rotation_instructions" name="test_plot_all_angle_cases[1.5707963267948966-True-$\\frac{\\pi}{2}$]" time="0.008" /><testcase classname="tests.test_rotation_instructions" name="test_plot_all_angle_cases[-1.0471975511965976-True-$-\\frac{\\pi}{3}$]" time="0.008" /><testcase classname="tests.test_rotation_instructions" name="test_plot_all_angle_cases[2.356194490192345-True-0.8$\\pi$]" time="0.009" /><testcase classname="tests.test_rotation_instructions" name="test_plot_with_ax_none" time="0.002" /><testcase classname="tests.test_rotation_instructions" name="test_square_rotation_init_and_negative_plateau" time="0.001" /><testcase classname="tests.test_rotation_instructions" name="test_square_eval_no_ramp_is_pure_square[x-2-1-0-5]" time="0.001" /><testcase classname="tests.test_rotation_instructions" name="test_square_eval_no_ramp_is_pure_square[y-2--1-0-5]" time="0.001" /><testcase classname="tests.test_rotation_instructions" name="test_square_eval_ramp[x-2-1-2-10]" time="0.001" /><testcase classname="tests.test_rotation_instructions" name="test_square_eval_ramp[y-2--1-1-5]" time="0.001" /><testcase classname="tests.test_rotation_instructions" name="test_square_eval_ramp[z-2--1-1-False]" time="0.001" /><testcase classname="tests.test_rotation_instructions" name="test_square_str_includes_gate_and_amplitude[x-2-1-2-10]" time="0.001" /><testcase classname="tests.test_rotation_instructions" name="test_square_str_includes_gate_and_amplitude[y-2--1-1-5]" time="0.001" /><testcase classname="tests.test_rotation_instructions" name="test_from_angle_normal_case" time="0.004" /><testcase classname="tests.test_rotation_instructions" name="test_from_angle_zero_angle_case[x-0]" time="0.001" /><testcase classname="tests.test_rotation_instructions" name="test_from_angle_zero_angle_case[x-3.141592653589793]" time="0.002" /><testcase classname="tests.test_rotation_instructions" name="test_from_angle_zero_angle_case[y-6.283185307179586]" time="0.001" /><testcase classname="tests.test_rotation_instructions" name="test_from_angle_zero_angle_case[y-0.859614]" time="0.002" /><testcase classname="tests.test_rotation_instructions" name="test_from_angle_zero_angle_case[z-9.42477796076938]" time="0.001" /><testcase classname="tests.test_rotation_instructions" name="test_from_angle_zero_angle_case[z-12.566370614359172]" time="0.002" /><testcase classname="tests.test_rotation_instructions" name="test_from_angle_loop_termination" time="0.001" /><testcase classname="tests.test_rotation_instructions" name="test_gaussian_eval_and_symmetry[x-1-1-2-11]" time="0.001" /><testcase classname="tests.test_rotation_instructions" name="test_gaussian_eval_and_symmetry[y-1--1-2-11]" time="0.001" /><testcase classname="tests.test_rotation_instructions" name="test_gaussian_str_contains_expected_parts" time="0.001" /><testcase classname="tests.test_rotation_instructions" name="test_gaussian_from_angle_runs_to_completion" time="0.001" /><testcase classname="tests.test_rotation_instructions" name="test_gaussian_from_angle_max_iter_triggers_warning" time="0.001" /><testcase classname="tests.test_utils" name="test_compare" time="0.006" /><testcase classname="tests.test_utils" name="test_gate_to_pulse_sequences_one_qubit[rx-1.0471975511965976-hardware_specs0]" time="0.004" /><testcase classname="tests.test_utils" name="test_gate_to_pulse_sequences_one_qubit[rx-0.3141592653589793-hardware_specs1]" time="0.003" /><testcase classname="tests.test_utils" name="test_gate_to_pulse_sequences_one_qubit[ry-1.0471975511965976-hardware_specs2]" time="0.003" /><testcase classname="tests.test_utils" name="test_gate_to_pulse_sequences_one_qubit[rz-1.0471975511965976-hardware_specs3]" time="0.004" /><testcase classname="tests.test_utils" name="test_gate_to_pulse_sequences_rzz[rzz-1.0471975511965976-hardware_specs0]" time="0.004" /><testcase classname="tests.test_utils" name="test_gate_to_pulse_sequences_rzz[rzz-0.3141592653589793-hardware_specs1]" time="0.003" /><testcase classname="tests.test_utils" name="test_gate_to_pulse_sequences_delay[delay-hardware_specs0]" time="0.001" /><testcase classname="tests.test_utils" name="test_gate_to_pulse_sequences_unknown" time="0.001" /><testcase classname="tests.test_white_noise" name="test_white_noise_init[3-5000-1]" time="0.001" /><testcase classname="tests.test_white_noise" name="test_white_noise_init[20-4000-1]" time="0.001" /><testcase classname="tests.test_white_noise" name="test_white_noise_invalid_segment_duration" time="0.001" /><testcase classname="tests.test_white_noise" name="test_white_noise_seed[3-50-1]" time="0.001" /><testcase classname="tests.test_white_noise" name="test_white_noise_seed[20-40-1]" time="0.001" /><testcase classname="tests.test_white_noise" name="test_white_plot_ramsey_contrast[3-50-1]" time="0.005" /><testcase classname="tests.test_white_noise" name="test_white_plot_ramsey_contrast[20-40-1]" time="0.005" /></testsuite></testsuites>
